// Jest Snapshot v1, https://goo.gl/fbAQLP

exports[`Component de transa√ßao do extrato O snapshot do component deve permanecer sempre o mesmo 1`] = `
<div
  class="transacao-container"
>
  <p>
    10/08/2020
  </p>
  <p>
    saque
  </p>
  <p>
    R$ 
    20.00
  </p>
</div>
`;
